// Jest Snapshot v1, https://goo.gl/fbAQLP

exports[`Create Recipe page component ::  expected to match snapshot 1`] = `
<RecipeEditor
  handleButtonClick={[Function]}
  hasNotFound={false}
  hasRender={true}
  loading={false}
  message={[Function]}
  statusCode={-1}
  submitButtonText="post recipe"
/>
`;

exports[`Create Recipe page component ::  expected to match snapshot when recipe is created 1`] = `
<RecipeEditor
  handleButtonClick={[Function]}
  hasNotFound={false}
  hasRender={true}
  loading={false}
  message={[Function]}
  statusCode={-1}
  submitButtonText="post recipe"
/>
`;
