// Jest Snapshot v1, https://goo.gl/fbAQLP

exports[`Comments display component  expected to match empty snapshot 1`] = `
<div
  className="col-12 "
  style={
    Object {
      "minHeight": "63vh",
    }
  }
>
  <span>
    <div
      className="media-object comment"
    >
      <div
        className="avatar avatar-sm"
      >
        TT
      </div>
      <div
        className="media-body"
      >
        <div
          className="d-flex justify-content-between align-items-center"
        >
          <h4
            className="no-margin"
          >
            @testi
          </h4>
          <span
            className="text-center bold time"
          >
            a few seconds ago
          </span>
        </div>
        <p
          className="media-text no-margin"
        >
          cool recipe
        </p>
      </div>
    </div>
  </span>
  <div
    className="loader"
  >
    <div
      className="css-1tc3baf"
    />
  </div>
</div>
`;
