// Jest Snapshot v1, https://goo.gl/fbAQLP

exports[`Ingredients display component  expected to match empty snapshot 1`] = `
<div
  className="col-12 ingredient-list-wrapper"
  style={Object {}}
>
  <h5
    className="display-4 w-100"
  >
    Ingredients 
  </h5>
  <div
    className="lead list-item col-xs-12 col-sm-6 col-md-6 col-lg-6 no-box-shadow"
  >
    <div
      className="list-item-text lead"
      data-index={0}
      onClick={[Function]}
      role="button"
      tabIndex="0"
    >
      ingredients 1
    </div>
  </div>
  <div
    className="lead list-item col-xs-12 col-sm-6 col-md-6 col-lg-6 no-box-shadow"
  >
    <div
      className="list-item-text lead"
      data-index={2}
      onClick={[Function]}
      role="button"
      tabIndex="0"
    >
      ingredients 2
    </div>
  </div>
  <div
    className="lead list-item col-xs-12 col-sm-6 col-md-6 col-lg-6 no-box-shadow"
  >
    <div
      className="list-item-text lead"
      data-index={3}
      onClick={[Function]}
      role="button"
      tabIndex="0"
    >
      ingredients 3
    </div>
  </div>
</div>
`;
