// Jest Snapshot v1, https://goo.gl/fbAQLP

exports[`Add directions component to render as expected 1`] = `
<div
  className="col-xs-12 col-sm-12 col-11 items "
>
  <div
    className="items-header"
  >
    <h4
      className="lead items-header-text"
    >
      directions  0
      <div
        className="icon-wrapper"
        onClick={[Function]}
        onMouseEnter={undefined}
      >
        <i
          className="icon fa fa-plus float-right"
          data-target={undefined}
          data-toggle={undefined}
        >
          <span />
        </i>
      </div>
    </h4>
  </div>
  <div
    className="col-12 items-list-wrapper"
  >
    <div />
  </div>
</div>
`;
