// Jest Snapshot v1, https://goo.gl/fbAQLP

exports[`Add directions component to render as expected 1`] = `
<div
  className="col-12 items "
>
  <div
    className="items-header"
  >
    <h4
      className="items-header-text"
    >
      directions  0
    </h4>
    <form
      action=""
      className="col-12"
      method=""
      onSubmit={[Function]}
    >
      <div
        className="form-group d-flex flex-column no-margin"
      >
        <textarea
          aria-describedby="directionTextarea"
          className="form-control text-area no-margin add-item-input"
          id="directionTextarea"
          name="direction"
          onBlur={[Function]}
          onChange={[Function]}
          onDragStart={[Function]}
          onDrop={[Function]}
          onFocus={[Function]}
          placeholder="Enter direction"
          rows="1"
          value=""
        />
        <div
          className=""
        />
      </div>
      <button
        className="btn text-capitalize w-100 btn-secondary"
        disabled={false}
        id="submit"
        type="submit"
      >
        add direction
      </button>
    </form>
  </div>
  <div
    className="col-12 items-list-wrapper"
  >
    <div />
  </div>
</div>
`;
