// Jest Snapshot v1, https://goo.gl/fbAQLP

exports[`Recipe name and category component render as expected 1`] = `
<Connect(ReduxForm)
  actions={
    Object {
      "modifyRecipe": [Function],
      "postRecipe": [Function],
      "updateStore": [Function],
    }
  }
  create=""
  handleSubmit={[Function]}
  loading={false}
  modify=""
/>
`;
