// Jest Snapshot v1, https://goo.gl/fbAQLP

exports[`CategoryFilter component  render as expected 1`] = `
<nav
  className="nav justify-content-center"
  style={
    Object {
      "margin": "0 50px",
    }
  }
>
  <li
    className="cat-link nav-link nav-item text-capitalize"
  >
    breakfast
  </li>
  <li
    className="cat-link nav-link nav-item text-capitalize"
  >
    launch
  </li>
  <li
    className="cat-link nav-link nav-item text-capitalize"
  >
    dinner
  </li>
  <li
    className="cat-link nav-link nav-item text-capitalize"
  >
    snack
  </li>
  <li
    className="cat-link nav-link nav-item text-capitalize"
  >
    cakes
  </li>
  <li
    className="cat-link nav-link nav-item text-capitalize"
  >
    drinks
  </li>
</nav>
`;
