// Jest Snapshot v1, https://goo.gl/fbAQLP

exports[`Ingredients display component  expected to match empty snapshot 1`] = `
<div
  className="col-12 "
  style={Object {}}
>
  <div
    className="lead list-item"
  >
    <div
      className="list-item-text lead"
      data-index={0}
      onClick={[Function]}
      role="button"
      tabIndex="0"
    >
      ingredients 1
    </div>
  </div>
  <div
    className="lead list-item"
  >
    <div
      className="list-item-text lead"
      data-index={2}
      onClick={[Function]}
      role="button"
      tabIndex="0"
    >
      ingredients 2
    </div>
  </div>
  <div
    className="lead list-item"
  >
    <div
      className="list-item-text lead"
      data-index={3}
      onClick={[Function]}
      role="button"
      tabIndex="0"
    >
      ingredients 3
    </div>
  </div>
</div>
`;
