// Jest Snapshot v1, https://goo.gl/fbAQLP

exports[`Add directions component expected to render add directions component 1`] = `
<AddItems
  Component={null}
  clearValidationError={[Function]}
  directions={true}
  externalError={Array []}
  handleSubmit={[Function]}
  ingredients={false}
  initialize={[Function]}
  items={
    Array [
      "directions one",
      "directions two",
    ]
  }
  name="directions"
  placeholder="add a direction"
  sendItemsToStore={[Function]}
/>
`;
