// Jest Snapshot v1, https://goo.gl/fbAQLP

exports[`AddItems  Add item component expected to render add item component  1`] = `
<div
  className="col-12 items "
>
  <div
    className="items-header"
  >
    <h4
      className="items-header-text"
    >
      ingredients  2
    </h4>
    <Form
      action=""
      className=""
      disabled={false}
      id="ingredient-submit-btn"
      lg={false}
      method=""
      onSubmit={[Function]}
      primary={false}
      primaryInverse={false}
      secondary={true}
      secondaryInverse={false}
      style={Object {}}
      submitBtnText="add ingredient"
    >
      <ItemField
        Component={[Function]}
        clearValidationError={[Function]}
        name="ingredient"
        placeholder=""
        validate={[Function]}
        validationError={Array []}
      />
    </Form>
  </div>
  <div
    className="col-12 items-list-wrapper"
  >
    <ItemsList
      Component={[Function]}
      componentType="ingredient"
      deleteItem={[Function]}
      directions={false}
      editItem={[Function]}
      ingredients={true}
      items={
        Array [
          "rice",
          "beans",
        ]
      }
      name="ingredient"
      uniquenessChecker={[Function]}
    />
  </div>
</div>
`;

exports[`AddItems  addItem method should add direction to store   1`] = `
<div
  className="col-12 items "
>
  <div
    className="items-header"
  >
    <h4
      className="items-header-text"
    >
      ingredients  2
    </h4>
    <Form
      action=""
      className=""
      disabled={false}
      id="ingredient-submit-btn"
      lg={false}
      method=""
      onSubmit={[Function]}
      primary={false}
      primaryInverse={false}
      secondary={true}
      secondaryInverse={false}
      style={Object {}}
      submitBtnText="add ingredient"
    >
      <ItemField
        Component={[Function]}
        clearValidationError={[Function]}
        name="ingredient"
        placeholder=""
        validate={[Function]}
        validationError={Array []}
      />
    </Form>
  </div>
  <div
    className="col-12 items-list-wrapper"
  >
    <ItemsList
      Component={[Function]}
      componentType="ingredient"
      deleteItem={[Function]}
      directions={false}
      editItem={[Function]}
      ingredients={true}
      items={
        Array [
          "rice",
          "beans",
        ]
      }
      name="ingredient"
      uniquenessChecker={[Function]}
    />
  </div>
</div>
`;

exports[`AddItems  addItem method should add ingredient to store  1`] = `
<div
  className="col-12 items "
>
  <div
    className="items-header"
  >
    <h4
      className="items-header-text"
    >
      ingredients  2
    </h4>
    <Form
      action=""
      className=""
      disabled={false}
      id="ingredient-submit-btn"
      lg={false}
      method=""
      onSubmit={[Function]}
      primary={false}
      primaryInverse={false}
      secondary={true}
      secondaryInverse={false}
      style={Object {}}
      submitBtnText="add ingredient"
    >
      <ItemField
        Component={[Function]}
        clearValidationError={[Function]}
        name="ingredient"
        placeholder=""
        validate={[Function]}
        validationError={Array []}
      />
    </Form>
  </div>
  <div
    className="col-12 items-list-wrapper"
  >
    <ItemsList
      Component={[Function]}
      componentType="ingredient"
      deleteItem={[Function]}
      directions={false}
      editItem={[Function]}
      ingredients={true}
      items={
        Array [
          "rice",
          "beans",
        ]
      }
      name="ingredient"
      uniquenessChecker={[Function]}
    />
  </div>
</div>
`;

exports[`AddItems  deleteFromList method should delete an item from the list 1`] = `
<div
  className="col-12 items "
>
  <div
    className="items-header"
  >
    <h4
      className="items-header-text"
    >
      ingredients  2
    </h4>
    <Form
      action=""
      className=""
      disabled={false}
      id="ingredient-submit-btn"
      lg={false}
      method=""
      onSubmit={[Function]}
      primary={false}
      primaryInverse={false}
      secondary={true}
      secondaryInverse={false}
      style={Object {}}
      submitBtnText="add ingredient"
    >
      <ItemField
        Component={[Function]}
        clearValidationError={[Function]}
        name="ingredient"
        placeholder=""
        validate={[Function]}
        validationError={Array []}
      />
    </Form>
  </div>
  <div
    className="col-12 items-list-wrapper"
  >
    <ItemsList
      Component={[Function]}
      componentType="ingredient"
      deleteItem={[Function]}
      directions={false}
      editItem={[Function]}
      ingredients={true}
      items={
        Array [
          "rice",
          "beans",
        ]
      }
      name="ingredient"
      uniquenessChecker={[Function]}
    />
  </div>
</div>
`;

exports[`AddItems  editItems method should edit an item on the list  1`] = `
<div
  className="col-12 items "
>
  <div
    className="items-header"
  >
    <h4
      className="items-header-text"
    >
      ingredients  2
    </h4>
    <Form
      action=""
      className=""
      disabled={false}
      id="ingredient-submit-btn"
      lg={false}
      method=""
      onSubmit={[Function]}
      primary={false}
      primaryInverse={false}
      secondary={true}
      secondaryInverse={false}
      style={Object {}}
      submitBtnText="add ingredient"
    >
      <ItemField
        Component={[Function]}
        clearValidationError={[Function]}
        name="ingredient"
        placeholder=""
        validate={[Function]}
        validationError={Array []}
      />
    </Form>
  </div>
  <div
    className="col-12 items-list-wrapper"
  >
    <ItemsList
      Component={[Function]}
      componentType="ingredient"
      deleteItem={[Function]}
      directions={false}
      editItem={[Function]}
      ingredients={true}
      items={
        Array [
          "rice",
          "beans",
        ]
      }
      name="ingredient"
      uniquenessChecker={[Function]}
    />
  </div>
</div>
`;

exports[`AddItems  validate method should return "ingredient is already on the list"  1`] = `
<div
  className="col-12 items "
>
  <div
    className="items-header"
  >
    <h4
      className="items-header-text"
    >
      ingredients  2
    </h4>
    <Form
      action=""
      className=""
      disabled={false}
      id="ingredient-submit-btn"
      lg={false}
      method=""
      onSubmit={[Function]}
      primary={false}
      primaryInverse={false}
      secondary={true}
      secondaryInverse={false}
      style={Object {}}
      submitBtnText="add ingredient"
    >
      <ItemField
        Component={[Function]}
        clearValidationError={[Function]}
        name="ingredient"
        placeholder=""
        validate={[Function]}
        validationError={Array []}
      />
    </Form>
  </div>
  <div
    className="col-12 items-list-wrapper"
  >
    <ItemsList
      Component={[Function]}
      componentType="ingredient"
      deleteItem={[Function]}
      directions={false}
      editItem={[Function]}
      ingredients={true}
      items={
        Array [
          "rice",
          "beans",
        ]
      }
      name="ingredient"
      uniquenessChecker={[Function]}
    />
  </div>
</div>
`;
