// Jest Snapshot v1, https://goo.gl/fbAQLP

exports[`Items list component  expected to match snapshot 1`] = `
<ItemsList
  deleteItem={[Function]}
  directions={true}
  editItem={[Function]}
  ingredients={false}
  items={
    Array [
      Object {},
    ]
  }
  name="directions"
  uniquenessChecker={[Function]}
/>
`;
