// Jest Snapshot v1, https://goo.gl/fbAQLP

exports[`Recipe image component  render as expected when component is mounted 1`] = `
<div
  className="image-container"
>
  <h4
    className="items-header-text"
  >
    Recipe image
  </h4>
  <div
    className="display-4"
  >
    <Image
      className="recipe-card-img"
      cloudName="resycom"
      crop="fit"
      height="500"
      publicId="recipe-card-placeholder_ta9ikp_iebsf2.jpg"
      width="400"
    />
    <span
      className="btn bg-secondary"
      onClick={[Function]}
      role="button"
      tabIndex="0"
    >
      Upload image
    </span>
  </div>
</div>
`;

exports[`Recipe image component  render as expected when component receive image as props 1`] = `
<div
  className="image-container"
>
  <h4
    className="items-header-text"
  >
    Recipe image
  </h4>
  <div
    className="display-4"
  >
    <Image
      className="recipe-card-img"
      cloudName="resycom"
      crop="fit"
      height="500"
      publicId="recipe-card-placeholder_ta9ikp_iebsf2.jpg"
      width="400"
    />
    <span
      className="btn bg-secondary"
      onClick={[Function]}
      role="button"
      tabIndex="0"
    >
      Upload image
    </span>
  </div>
</div>
`;

exports[`Recipe image component  render as expected when loadImage button is click 1`] = `
<div
  className="image-container"
>
  <h4
    className="items-header-text"
  >
    Recipe image
  </h4>
  <div
    className="display-4"
  >
    <Image
      className="recipe-card-img"
      cloudName="resycom"
      crop="fit"
      height="500"
      publicId="recipe-card-placeholder_ta9ikp_iebsf2.jpg"
      width="400"
    />
    <span
      className="btn bg-secondary"
      onClick={[Function]}
      role="button"
      tabIndex="0"
    >
      Upload image
    </span>
  </div>
</div>
`;
