// Jest Snapshot v1, https://goo.gl/fbAQLP

exports[`Recipes grid component  render as expected with one recipe 1`] = `
<ul
  className="grid"
>
  <li
    className="card-wrapper"
  >
    <span>
      <div
        className="recipe-card"
      >
        <div
          className="recipe-card-body"
        >
          <img
            className="recipe-card-img"
            height="250"
            src="http://res.cloudinary.com/resycom/image/upload/c_fill,h_250,w_400/recipe-card-placeholder_ta9ikp_iebsf2.jpg"
            width="400"
          />
          <div
            className="recipe-card-underlay"
          >
            <p
              className="lead text-capitalize"
            >
              breakfast
            </p>
            <button
              className="btn recipe-card-underlay-btn"
              data-dismiss="modal"
              data-target=""
              data-toggle=""
              href=""
              id=""
              onClick={[Function]}
              type="button"
            >
              view details
            </button>
          </div>
        </div>
        <div
          className="recipe-card-footer"
        >
          <h4
            className="ellipsis"
          >
            coco rice
          </h4>
          <div
            className="d-flex col-12 no-padding justify-content-between"
          >
            <div
              className="d-flex col-8 no-padding"
            >
              <div
                className="icon-wrapper"
                onClick={[Function]}
                onMouseEnter={[Function]}
                role="button"
                tabIndex="0"
              >
                <i
                  className="icon fa fa-thumbs-up recipe-card-icon "
                  data-for="1upvote"
                  data-target=""
                  data-tip="Total Upvotes: 22"
                  data-toggle=""
                >
                  <span>
                    22
                  </span>
                </i>
                <div
                  className="__react_component_tooltip place-top type-dark "
                  data-id="tooltip"
                >
                  
                </div>
              </div>
              <div
                className="icon-wrapper"
                onClick={[Function]}
                onMouseEnter={[Function]}
                role="button"
                tabIndex="0"
              >
                <i
                  className="icon fa fa-thumbs-down recipe-card-icon "
                  data-for="1downvote"
                  data-target=""
                  data-tip="Total Downvotes: 0"
                  data-toggle=""
                >
                  <span>
                    0
                  </span>
                </i>
                <div
                  className="__react_component_tooltip place-top type-dark "
                  data-id="tooltip"
                >
                  
                </div>
              </div>
              <div
                className="icon-wrapper"
                onClick={[Function]}
                onMouseEnter={[Function]}
                role="button"
                tabIndex="0"
              >
                <i
                  className="icon fa fa-eye recipe-card-icon"
                  data-for="1views"
                  data-target=""
                  data-tip="Total Number of Views: 22"
                  data-toggle=""
                >
                  <span>
                    22
                  </span>
                </i>
                <div
                  className="__react_component_tooltip place-top type-dark "
                  data-id="tooltip"
                >
                  
                </div>
              </div>
            </div>
            <div
              className="icon-wrapper pointer"
              onClick={[Function]}
              onMouseEnter={[Function]}
              role="button"
              tabIndex="0"
            >
              <i
                className="icon fa recipe-card-icon fav-color fav fa-heart-o"
                data-for="1fav"
                data-target=""
                data-tip="Favourite This Recipe"
                data-toggle=""
              >
                <span />
              </i>
              <div
                className="__react_component_tooltip place-top type-dark "
                data-id="tooltip"
              >
                
              </div>
            </div>
          </div>
        </div>
      </div>
    </span>
  </li>
</ul>
`;

exports[`Recipes grid component  render as expected without any recipe 1`] = `null`;
