// Jest Snapshot v1, https://goo.gl/fbAQLP

exports[`Cta form component  expect to match snapshot when signin button is clicked 1`] = `
<Cta
  push={[Function]}
  signin={[Function]}
  signup={[Function]}
>
  <div
    className="cta "
  >
    <h1
      className=" text-uppercase display-4 col-xs-11 col-sm-10 col-md-8 col-lg-9"
    >
      ​share​ and view ​awesome​ ​and​ ​exciting​ ​​recipes
    </h1>
    <div
      className="cta-btn-wrapper"
    >
      <Button
        className="btn-primary btn-lg login"
        handleClick={[Function]}
        id="login"
        text="Login"
      >
        <button
          className="btn text-capitalize btn-primary btn-lg login"
          data-dismiss="modal"
          onClick={[Function]}
          type="button"
        >
          Login
        </button>
      </Button>
      <Button
        className=" btn-secondary btn-lg reg text-white"
        handleClick={[Function]}
        id="signup"
        text="Create an account"
      >
        <button
          className="btn text-capitalize  btn-secondary btn-lg reg text-white"
          data-dismiss="modal"
          onClick={[Function]}
          type="button"
        >
          Create an account
        </button>
      </Button>
    </div>
  </div>
</Cta>
`;

exports[`Cta form component  expect to match snapshot when signup button is clicked 1`] = `
<Cta
  push={[Function]}
  signin={[Function]}
  signup={[Function]}
>
  <div
    className="cta "
  >
    <h1
      className=" text-uppercase display-4 col-xs-11 col-sm-10 col-md-8 col-lg-9"
    >
      ​share​ and view ​awesome​ ​and​ ​exciting​ ​​recipes
    </h1>
    <div
      className="cta-btn-wrapper"
    >
      <Button
        className="btn-primary btn-lg login"
        handleClick={[Function]}
        id="login"
        text="Login"
      >
        <button
          className="btn text-capitalize btn-primary btn-lg login"
          data-dismiss="modal"
          onClick={[Function]}
          type="button"
        >
          Login
        </button>
      </Button>
      <Button
        className=" btn-secondary btn-lg reg text-white"
        handleClick={[Function]}
        id="signup"
        text="Create an account"
      >
        <button
          className="btn text-capitalize  btn-secondary btn-lg reg text-white"
          data-dismiss="modal"
          onClick={[Function]}
          type="button"
        >
          Create an account
        </button>
      </Button>
    </div>
  </div>
</Cta>
`;
